<html>
<body>
<pre>
<h1>礦ision Build Log</h1>
<h2>Tool Versions:</h2>
IDE-Version: μVision V5.25.2.0
Copyright (C) 2018 ARM Ltd and ARM Germany GmbH. All rights reserved.
License Information: gh HP, HP Inc., LIC=IK1BF-6R1IU-WFXI7-EC3LU-F88H0-S6FND
 
Tool Versions:
Toolchain:       MDK-ARM Plus  Version: 5.25.2.0
Toolchain Path:  D:\ARM\ARMCC\Bin
C Compiler:      Armcc.exe V5.06 update 6 (build 750)
Assembler:       Armasm.exe V5.06 update 6 (build 750)
Linker/Locator:  ArmLink.exe V5.06 update 6 (build 750)
Library Manager: ArmAr.exe V5.06 update 6 (build 750)
Hex Converter:   FromElf.exe V5.06 update 6 (build 750)
CPU DLL:         SARMCM3.DLL V5.25.2.0
Dialog DLL:      DCM.DLL V1.17.1.0
Target DLL:      STLink\ST-LINKIII-KEIL_SWO.dll V3.0.1.0
Dialog DLL:      TCM.DLL V1.35.1.0
 
<h2>Project:</h2>
D:\桌面\贪吃蛇_0622\贪吃蛇_0614\16119217-张园园-19219204刘嘉仪-19219124郭晗-基于MPU6050重力传感器的贪吃蛇小游戏\USER\MAZE.uvprojx
Project File Date:  06/22/2022

<h2>Output:</h2>
*** Using Compiler 'V5.06 update 6 (build 750)', folder: 'D:\ARM\ARMCC\Bin'
Rebuild target 'MAZE'
compiling stm32f10x_it.c...
compiling system_stm32f10x.c...
compiling main.c...
compiling mpuiic.c...
compiling key.c...
compiling snack.c...
snack.c(193): warning:  #177-D: variable "str1"  was declared but never referenced
  	u8 str1[20];
snack.c(194): warning:  #177-D: variable "str2"  was declared but never referenced
  	u8 str2[20];
snack.c(195): warning:  #177-D: variable "str3"  was declared but never referenced
  	u8 str3[20];
snack.c: 3 warnings, 0 errors
compiling lcd.c...
compiling mpu6050.c...
compiling beep.c...
compiling timer.c...
compiling delay.c...
compiling inv_mpu.c...
compiling inv_mpu_dmp_motion_driver.c...
assembling startup_stm32f10x_hd.s...
compiling sys.c...
compiling core_cm3.c...
compiling usart.c...
compiling misc.c...
compiling stm32f10x_gpio.c...
compiling stm32f10x_rcc.c...
compiling stm32f10x_fsmc.c...
compiling stm32f10x_usart.c...
compiling stm32f10x_tim.c...
compiling usmart.c...
compiling usmart_config.c...
compiling usmart_str.c...
linking...
Program Size: Code=49046 RO-data=10182 RW-data=508 ZI-data=2492  
FromELF: creating hex file...
"..\OBJ\MPU6050.axf" - 0 Error(s), 3 Warning(s).

<h2>Software Packages used:</h2>

Package Vendor: Keil
                http://www.keil.com/pack/Keil.STM32F1xx_DFP.2.4.0.pack
                Keil.STM32F1xx_DFP.2.4.0
                STMicroelectronics STM32F1 Series Device Support, Drivers and Examples

<h2>Collection of Component include folders:</h2>
  .\RTE\_MAZE
  D:\Keil\STM32F1xx_DFP\2.4.0\Device\Include

<h2>Collection of Component Files used:</h2>
Build Time Elapsed:  00:00:08
</pre>
</body>
</html>
